    8 NTR None                 A  
    9 THR None                 A  
   15 CYS None                 A  
   17 LYS None                 A  
   21 SER None                 A  
   22 ASP None                 A  
   32 GLU None                 A  
   38 THR None                 A  
   40 ASP None                 A  
   41 TYR None                 A  
   44 THR None                 A  
   48 LYS None                 A  
   50 ASP None                 A  
   51 GLU None                 A  
   56 GLU None                 A  
   59 LYS None                 A  
   62 SER None                 A  
   64 SER None                 A  
   66 GLU None                 A  
   71 GLU None                 A  
   74 GLU None                 A  
   79 GLU None                 A  
   80 THR None                 A  
   82 THR None                 A  
   84 SER None                 A  
   87 SER None                 A  
   89 ASP None                 A  
   90 HIS None                 A  
   91 SER None                 A  
   93 SER None                 A  
   95 SER None                 A  
   97 SER None                 A  
   98 GLU None                 A  
  120 ASP None                 A  
  122 THR None                 A  
  128 THR None                 A  
  129 SER None                 A  
  130 CTR None                 A  
  130 ASP None                 A  
