  420 NTR None                 A  
  420 SER None                 A  
  422 LYS None                 A  
  425 LYS None                 A  
  428 LYS None                 A  
  430 ASP None                 A  
  431 SER None                 A  
  441 ASP None                 A  
  451 GLU None                 A  
  452 ASP None                 A  
  453 SER None                 A  
  457 LYS None                 A  
  458 GLU None                 A  
  461 GLU None                 A  
  462 GLU None                 A  
  464 ASP None                 A  
  473 ASP None                 A  
  475 THR None                 A  
  480 GLU None                 A  
  481 GLU None                 A  
  488 ASP None                 A  
  491 LYS None                 A  
  493 GLU None                 A  
  494 GLU None                 A  
  496 THR None                 A  
  501 LYS None                 A  
  512 SER None                 A  
  513 ASP None                 A  
  515 CTR None                 A  
