   29 NTR None                 A  
   29 HIS None                 A  
   31 GLU None                 A  
   36 LYS None                 A  
   44 LYS None                 A  
   45 ASP None                 A  
   57 SER None                 A  
   59 GLU None                 A  
   61 TYR None                 A  
   63 LYS None                 A  
   66 ASP None                 A  
   70 ASP None                 A  
   74 GLU None                 A  
   79 ASP None                 A  
   81 HIS None                 A  
   83 ASP None                 A  
   86 GLU None                 A  
   87 THR None                 A  
   89 GLU None                 A  
   90 ASP None                 A  
   92 TYR None                 A  
   96 SER None                 A  
   98 ASP None                 A  
  102 LYS None                 A  
  103 ASP None                 A  
  105 GLU None                 A  
  110 LYS None                 A  
  111 SER None                 A  
  114 TYR None                 A  
  118 SER None                 A  
  123 THR None                 A  
  124 THR None                 A  
  128 TYR None                 A  
  129 SER None                 A  
  133 ASP None                 A  
  135 TYR None                 A  
  139 ASP None                 A  
  141 GLU None                 A  
  151 SER None                 A  
  154 TYR None                 A  
  156 SER None                 A  
  165 GLU None                 A  
  175 LYS None                 A  
  177 ASP None                 A  
  179 GLU None                 A  
  181 TYR None                 A  
  183 LYS None                 A  
  188 SER None                 A  
  189 THR None                 A  
  196 ASP None                 A  
  198 GLU None                 A  
  199 LYS None                 A  
  203 SER None                 A  
  210 SER None                 A  
  211 GLU None                 A  
  214 ASP None                 A  
  217 THR None                 A  
  220 ASP None                 A  
  224 HIS None                 A  
  228 GLU None                 A  
  229 SER None                 A  
  232 THR None                 A  
  235 THR None                 A  
  236 TYR None                 A  
  237 HIS None                 A  
  239 TYR None                 A  
  240 THR None                 A  
  244 GLU None                 A  
  247 TYR None                 A  
  252 ASP None                 A  
  255 SER None                 A  
  256 HIS None                 A  
  274 SER None                 A  
  275 THR None                 A  
  276 GLU None                 A  
  280 SER None                 A  
  282 TYR None                 A  
  283 LYS None                 A  
  286 LYS None                 A  
  287 GLU None                 A  
  290 ASP None                 A  
  295 GLU None                 A  
  299 ASP None                 A  
  300 TYR None                 A  
  309 SER None                 A  
  312 ASP None                 A  
  313 TYR None                 A  
  314 ASP None                 A  
  320 THR None                 A  
  322 SER None                 A  
  323 ASP None                 A  
  325 ASP None                 A  
  329 SER None                 A  
  332 ASP None                 A  
  334 ASP None                 A  
  335 TYR None                 A  
  339 ASP None                 A  
  341 ASP None                 A  
  345 LYS None                 A  
  348 TYR None                 A  
  356 LYS None                 A  
  358 THR None                 A  
  361 LYS None                 A  
  366 ASP None                 A  
  370 THR None                 A  
  371 GLU None                 A  
  372 ASP None                 A  
  375 ASP None                 A  
  377 SER None                 A  
  379 SER None                 A  
  383 THR None                 A  
  385 GLU None                 A  
  386 ASP None                 A  
  395 SER None                 A  
  405 LYS None                 A  
  407 LYS None                 A  
  408 GLU None                 A  
  410 THR None                 A  
  412 HIS None                 A  
  413 ASP None                 A  
  416 SER None                 A  
  418 LYS None                 A  
  420 THR None                 A  
  423 SER None                 A  
  425 SER None                 A  
  426 ASP None                 A  
  429 GLU None                 A  
  433 LYS None                 A  
  434 SER None                 A  
  435 SER None                 A  
  442 CTR None                 A  
  442 GLU None                 A  
