  264 NTR None                 A  
  265 SER None                 A  
  268 THR None                 A  
  269 HIS None                 A  
  275 THR None                 A  
  278 TYR None                 A  
  281 SER None                 A  
  282 SER None                 A  
  288 GLU None                 A  
  292 SER None                 A  
  296 TYR None                 A  
  297 TYR None                 A  
  302 ASP None                 A  
  303 ASP None                 A  
  305 LYS None                 A  
  306 CYS None                 A  
  308 SER None                 A  
  309 CYS None                 A  
  310 ASP None                 A  
  315 CYS None                 A  
  317 GLU None                 A  
  318 SER None                 A  
  320 ASP None                 A  
  321 ASP None                 A  
  325 GLU None                 A  
  326 HIS None                 A  
  328 LYS None                 A  
  333 CYS None                 A  
  334 GLU None                 A  
  340 LYS None                 A  
  343 GLU None                 A  
  346 ASP None                 A  
  347 GLU None                 A  
  352 TYR None                 A  
  354 HIS None                 A  
  357 GLU None                 A  
  361 SER None                 A  
  362 THR None                 A  
  386 GLU None                 A  
  387 ASP None                 A  
  393 THR None                 A  
  397 LYS None                 A  
  398 SER None                 A  
  401 GLU None                 A  
  407 ASP None                 A  
  410 LYS None                 A  
  412 THR None                 A  
  415 SER None                 A  
  416 LYS None                 A  
  419 THR None                 A  
  420 THR None                 A  
  422 GLU None                 A  
  424 TYR None                 A  
  425 LYS None                 A  
  426 THR None                 A  
  429 ASP None                 A  
  432 SER None                 A  
  438 GLU None                 A  
  439 ASP None                 A  
  440 GLU None                 A  
  441 LYS None                 A  
  443 GLU None                 A  
  444 GLU None                 A  
  445 GLU None                 A  
  446 LYS None                 A  
  447 GLU None                 A  
  448 LYS None                 A  
  451 GLU None                 A  
  452 GLU None                 A  
  455 SER None                 A  
  456 ASP None                 A  
  457 ASP None                 A  
  459 SER None                 A  
  463 LYS None                 A  
  473 THR None                 A  
  474 CYS None                 A  
  480 ASP None                 A  
  484 LYS None                 A  
  490 LYS None                 A  
  492 GLU None                 A  
  493 HIS None                 A  
  494 ASP None                 A  
  497 LYS None                 A  
  499 LYS None                 A  
  500 THR None                 A  
  508 GLU None                 A  
  511 ASP None                 A  
  512 THR None                 A  
  516 LYS None                 A  
  525 LYS None                 A  
  527 SER None                 A  
  529 LYS None                 A  
  530 GLU None                 A  
  532 ASP None                 A  
  533 SER None                 A  
  534 THR None                 A  
  536 TYR None                 A  
  537 LYS None                 A  
  542 ASP None                 A  
  543 LYS None                 A  
  546 LYS None                 A  
  547 TYR None                 A  
  550 THR None                 A  
  551 GLU None                 A  
  552 ASP None                 A  
  554 SER None                 A  
  557 SER None                 A  
  559 GLU None                 A  
  560 GLU None                 A  
  567 GLU None                 A  
  568 GLU None                 A  
  570 THR None                 A  
  571 CYS None                 A  
  572 LYS None                 A  
  574 CYS None                 A  
  576 ASP None                 A  
  577 LYS None                 A  
  578 GLU None                 A  
  580 SER None                 A  
  586 CYS None                 A  
  588 HIS None                 A  
  592 CYS None                 A  
  594 GLU None                 A  
  595 CYS None                 A  
  598 SER None                 A  
  601 LYS None                 A  
  602 CYS None                 A  
  605 CYS None                 A  
  610 LYS None                 A  
  612 THR None                 A  
  615 THR None                 A  
  616 CTR None                 A  
