  252 NTR None                 A  
  252 HIS None                 A  
  255 HIS None                 A  
  257 THR None                 A  
  258 GLU None                 A  
  259 LYS None                 A  
  261 GLU None                 A  
  265 LYS None                 A  
  267 TYR None                 A  
  268 SER None                 A  
  272 ASP None                 A  
  273 LYS None                 A  
  279 TYR None                 A  
  281 LYS None                 A  
  287 LYS None                 A  
  288 SER None                 A  
  290 HIS None                 A  
  291 LYS None                 A  
  294 THR None                 A  
  295 SER None                 A  
  296 TYR None                 A  
  298 GLU None                 A  
  300 CYS None                 A  
  301 SER None                 A  
  307 LYS None                 A  
  311 GLU None                 A  
  312 LYS None                 A  
  315 GLU None                 A  
  318 GLU None                 A  
  319 SER None                 A  
  321 HIS None                 A  
  324 LYS None                 A  
  326 ASP None                 A  
  327 HIS None                 A  
  329 SER None                 A  
  330 GLU None                 A  
  331 SER None                 A  
  336 GLU None                 A  
  339 SER None                 A  
  346 THR None                 A  
  347 LYS None                 A  
  348 THR None                 A  
  353 TYR None                 A  
  359 SER None                 A  
  361 GLU None                 A  
  362 ASP None                 A  
  365 SER None                 A  
  368 SER None                 A  
  370 THR None                 A  
  371 THR None                 A  
  378 LYS None                 A  
  379 HIS None                 A  
  380 TYR None                 A  
  381 SER None                 A  
  382 ASP None                 A  
  385 GLU None                 A  
  390 GLU None                 A  
  391 GLU None                 A  
  393 THR None                 A  
  394 GLU None                 A  
  396 GLU None                 A  
  398 THR None                 A  
  401 LYS None                 A  
  408 SER None                 A  
  412 CYS None                 A  
  415 CYS None                 A  
  417 SER None                 A  
  418 TYR None                 A  
  422 LYS None                 A  
  424 THR None                 A  
  425 CYS None                 A  
  427 ASP None                 A  
  429 ASP None                 A  
  433 THR None                 A  
  434 HIS None                 A  
  436 ASP None                 A  
  439 SER None                 A  
  440 HIS None                 A  
  445 SER None                 A  
  449 ASP None                 A  
  450 SER None                 A  
  454 GLU None                 A  
  458 THR None                 A  
  459 ASP None                 A  
  460 ASP None                 A  
  463 SER None                 A  
  465 GLU None                 A  
  466 GLU None                 A  
  472 LYS None                 A  
  473 TYR None                 A  
  477 CYS None                 A  
  486 HIS None                 A  
  490 ASP None                 A  
  496 TYR None                 A  
  497 SER None                 A  
  498 GLU None                 A  
  501 CYS None                 A  
  505 TYR None                 A  
  507 THR None                 A  
  509 SER None                 A  
  511 HIS None                 A  
  515 SER None                 A  
  521 LYS None                 A  
  522 THR None                 A  
  523 LYS None                 A  
  526 SER None                 A  
  528 SER None                 A  
  529 GLU None                 A  
  530 HIS None                 A  
  533 SER None                 A  
  534 THR None                 A  
  540 THR None                 A  
  541 HIS None                 A  
  543 CYS None                 A  
  544 LYS None                 A  
  553 THR None                 A  
  555 THR None                 A  
  556 GLU None                 A  
  557 LYS None                 A  
  558 ASP None                 A  
  567 TYR None                 A  
  569 GLU None                 A  
  572 GLU None                 A  
  574 ASP None                 A  
  575 CTR None                 A  
