    6 NTR None                 A  
    6 LYS None                 A  
    8 THR None                 A  
   11 CYS None                 A  
   12 SER None                 A  
   13 GLU None                 A  
   14 LYS None                 A  
   17 ASP None                 A  
   21 LYS None                 A  
   24 GLU None                 A  
   25 GLU None                 A  
   27 LYS None                 A  
   29 LYS None                 A  
   30 TYR None                 A  
   35 GLU None                 A  
   38 TYR None                 A  
   40 ASP None                 A  
   43 SER None                 A  
   45 LYS None                 A  
   46 SER None                 A  
   47 LYS None                 A  
   50 THR None                 A  
   59 ASP None                 A  
   65 HIS None                 A  
   66 ASP None                 A  
   70 GLU None                 A  
   78 GLU None                 A  
   84 SER None                 A  
   85 ASP None                 A  
   87 LYS None                 A  
   90 TYR None                 A  
   91 ASP None                 A  
   92 THR None                 A  
   95 LYS None                 A  
   98 SER None                 A  
   99 TYR None                 A  
  102 LYS None                 A  
  104 TYR None                 A  
  108 TYR None                 A  
  111 GLU None                 A  
  117 TYR None                 A  
  119 LYS None                 A  
  120 ASP None                 A  
  121 TYR None                 A  
  123 ASP None                 A  
  124 SER None                 A  
  127 LYS None                 A  
  128 THR None                 A  
  130 ASP None                 A  
  131 GLU None                 A  
  134 GLU None                 A  
  135 LYS None                 A  
  137 LYS None                 A  
  140 ASP None                 A  
  141 GLU None                 A  
  142 GLU None                 A  
  143 TYR None                 A  
  146 GLU None                 A  
  152 TYR None                 A  
  153 ASP None                 A  
  158 TYR None                 A  
  160 SER None                 A  
  167 TYR None                 A  
  170 TYR None                 A  
  173 LYS None                 A  
  174 GLU None                 A  
  175 THR None                 A  
  180 ASP None                 A  
  182 THR None                 A  
  183 ASP None                 A  
  189 GLU None                 A  
  193 LYS None                 A  
  196 LYS None                 A  
  199 LYS None                 A  
  203 ASP None                 A  
  204 GLU None                 A  
  208 THR None                 A  
  211 ASP None                 A  
  213 TYR None                 A  
  215 THR None                 A  
  217 ASP None                 A  
  218 SER None                 A  
  221 LYS None                 A  
  222 GLU None                 A  
  236 LYS None                 A  
  237 SER None                 A  
  238 TYR None                 A  
  239 LYS None                 A  
  240 ASP None                 A  
  245 TYR None                 A  
  252 GLU None                 A  
  254 GLU None                 A  
  260 LYS None                 A  
  273 LYS None                 A  
  274 SER None                 A  
  277 LYS None                 A  
  282 GLU None                 A  
  285 THR None                 A  
  291 LYS None                 A  
  292 GLU None                 A  
  293 THR None                 A  
  295 TYR None                 A  
  296 LYS None                 A  
  298 TYR None                 A  
  301 ASP None                 A  
  308 LYS None                 A  
  309 ASP None                 A  
  312 GLU None                 A  
  315 LYS None                 A  
  316 ASP None                 A  
  319 ASP None                 A  
  324 THR None                 A  
  326 SER None                 A  
  328 SER None                 A  
  331 THR None                 A  
  338 GLU None                 A  
  344 SER None                 A  
  348 ASP None                 A  
  351 SER None                 A  
  359 SER None                 A  
  361 GLU None                 A  
  362 ASP None                 A  
  365 LYS None                 A  
  366 GLU None                 A  
  369 GLU None                 A  
  370 LYS None                 A  
  372 LYS None                 A  
  376 GLU None                 A  
  377 LYS None                 A  
  379 SER None                 A  
  380 HIS None                 A  
  381 HIS None                 A  
  382 HIS None                 A  
  383 HIS None                 A  
  384 CTR None                 A  
  384 HIS None                 A  
