  335 NTR None                 A  
  335 SER None                 A  
  337 SER None                 A  
  340 SER None                 A  
  345 LYS None                 A  
  346 THR None                 A  
  349 LYS None                 A  
  352 GLU None                 A  
  354 SER None                 A  
  359 ASP None                 A  
  362 LYS None                 A  
  363 TYR None                 A  
  365 LYS None                 A  
  366 SER None                 A  
  367 SER None                 A  
  369 THR None                 A  
  374 SER None                 A  
  376 THR None                 A  
  380 SER None                 A  
  381 SER None                 A  
  382 TYR None                 A  
  385 THR None                 A  
  386 SER None                 A  
  392 THR None                 A  
  394 THR None                 A  
  399 THR None                 A  
  400 THR None                 A  
  408 ASP None                 A  
  410 TYR None                 A  
  412 LYS None                 A  
  415 SER None                 A  
  417 SER None                 A  
  419 SER None                 A  
  423 LYS None                 A  
  425 ASP None                 A  
  427 CTR None                 A  
