   84 NTR None                 A  
   85 GLU None                 A  
   87 TYR None                 A  
   88 ASP None                 A  
   89 ASP None                 A  
   91 HIS None                 A  
   92 LYS None                 A  
   93 THR None                 A  
   96 SER None                 A  
  100 HIS None                 A  
  106 ASP None                 A  
  110 GLU None                 A  
  112 ASP None                 A  
  115 GLU None                 A  
  119 GLU None                 A  
  124 SER None                 A  
  125 TYR None                 A  
  131 LYS None                 A  
  132 LYS None                 A  
  138 GLU None                 A  
  140 GLU None                 A  
  141 ASP None                 A  
  146 CYS None                 A  
  151 TYR None                 A  
  154 ASP None                 A  
  158 TYR None                 A  
  162 HIS None                 A  
  168 TYR None                 A  
  169 SER None                 A  
  170 THR None                 A  
  171 SER None                 A  
  173 LYS None                 A  
  175 SER None                 A  
  179 ASP None                 A  
  180 SER None                 A  
  181 ASP None                 A  
  182 ASP None                 A  
  183 SER None                 A  
  185 SER None                 A  
  188 CTR None                 A  
  188 SER None                 A  
