    7 NTR None                 A  
    7 THR None                 A  
   10 LYS None                 A  
   12 GLU None                 A  
   13 THR None                 A  
   15 THR None                 A  
   17 SER None                 A  
   19 SER None                 A  
   23 LYS None                 A  
   28 HIS None                 A  
   29 THR None                 A  
   30 GLU None                 A  
   41 SER None                 A  
   48 THR None                 A  
   49 SER None                 A  
   50 LYS None                 A  
   56 ASP None                 A  
   57 SER None                 A  
   58 SER None                 A  
   60 ASP None                 A  
   61 ASP None                 A  
   62 LYS None                 A  
   64 THR None                 A  
   65 LYS None                 A  
   66 GLU None                 A  
   69 GLU None                 A  
   72 GLU None                 A  
   73 LYS None                 A  
   74 LYS None                 A  
   77 LYS None                 A  
   80 THR None                 A  
   81 ASP None                 A  
   85 THR None                 A  
   86 HIS None                 A  
   88 HIS None                 A  
   90 ASP None                 A  
   91 HIS None                 A  
   96 LYS None                 A  
   97 THR None                 A  
   99 LYS None                 A  
  100 GLU None                 A  
  104 LYS None                 A  
  106 HIS None                 A  
  107 SER None                 A  
  108 THR None                 A  
  111 THR None                 A  
  113 GLU None                 A  
  116 LYS None                 A  
  117 LYS None                 A  
  120 TYR None                 A  
  121 GLU None                 A  
  122 GLU None                 A  
  126 ASP None                 A  
  129 THR None                 A  
  131 THR None                 A  
  134 LYS None                 A  
  139 LYS None                 A  
  141 GLU None                 A  
  142 THR None                 A  
  144 TYR None                 A  
  147 LYS None                 A  
  149 HIS None                 A  
  150 THR None                 A  
  151 GLU None                 A  
  152 ASP None                 A  
  161 TYR None                 A  
  168 ASP None                 A  
  171 LYS None                 A  
  172 SER None                 A  
  173 THR None                 A  
  174 SER None                 A  
  176 LYS None                 A  
  177 ASP None                 A  
  183 ASP None                 A  
  185 TYR None                 A  
  188 GLU None                 A  
  190 SER None                 A  
  191 THR None                 A  
  192 SER None                 A  
  194 GLU None                 A  
  198 LYS None                 A  
  200 TYR None                 A  
  210 HIS None                 A  
  212 GLU None                 A  
  215 ASP None                 A  
  216 LYS None                 A  
  221 HIS None                 A  
  222 THR None                 A  
  224 ASP None                 A  
  227 CTR None                 A  
  227 LYS None                 A  
