  293 NTR None                 A  
  295 GLU None                 A  
  296 GLU None                 A  
  303 GLU None                 A  
  312 SER None                 A  
  314 LYS None                 A  
  315 GLU None                 A  
  320 ASP None                 A  
  333 HIS None                 A  
  337 GLU None                 A  
  339 TYR None                 A  
  340 LYS None                 A  
  344 ASP None                 A  
  346 LYS None                 A  
  347 GLU None                 A  
  354 LYS None                 A  
  355 ASP None                 A  
  357 SER None                 A  
  363 GLU None                 A  
  371 ASP None                 A  
  372 ASP None                 A  
  378 TYR None                 A  
  381 ASP None                 A  
  383 SER None                 A  
  385 THR None                 A  
  386 THR None                 A  
  388 GLU None                 A  
  394 TYR None                 A  
  397 GLU None                 A  
  399 THR None                 A  
  400 GLU None                 A  
  401 GLU None                 A  
  404 GLU None                 A  
  409 SER None                 A  
  410 GLU None                 A  
  421 GLU None                 A  
  423 GLU None                 A  
  424 GLU None                 A  
  430 TYR None                 A  
  432 GLU None                 A  
  434 GLU None                 A  
  438 SER None                 A  
  443 HIS None                 A  
  445 GLU None                 A  
  447 THR None                 A  
  452 ASP None                 A  
  455 TYR None                 A  
  460 SER None                 A  
  462 GLU None                 A  
  465 GLU None                 A  
  466 GLU None                 A  
  471 GLU None                 A  
  473 GLU None                 A  
  480 HIS None                 A  
  486 SER None                 A  
  488 ASP None                 A  
  491 GLU None                 A  
  496 ASP None                 A  
  497 GLU None                 A  
  505 LYS None                 A  
  506 THR None                 A  
  507 GLU None                 A  
  508 LYS None                 A  
  509 THR None                 A  
  511 LYS None                 A  
  513 SER None                 A  
  514 THR None                 A  
  515 SER None                 A  
  520 GLU None                 A  
  524 GLU None                 A  
  526 HIS None                 A  
  530 GLU None                 A  
  531 LYS None                 A  
  535 TYR None                 A  
  537 GLU None                 A  
  539 THR None                 A  
  540 LYS None                 A  
  542 LYS None                 A  
  543 SER None                 A  
  544 THR None                 A  
  545 TYR None                 A  
  547 ASP None                 A  
  551 ASP None                 A  
  554 HIS None                 A  
  557 THR None                 A  
  561 HIS None                 A  
  562 THR None                 A  
  567 THR None                 A  
  569 THR None                 A  
  571 THR None                 A  
  575 SER None                 A  
  576 SER None                 A  
  577 SER None                 A  
  578 ASP None                 A  
  588 THR None                 A  
  601 GLU None                 A  
  602 GLU None                 A  
  610 ASP None                 A  
  611 TYR None                 A  
  612 SER None                 A  
  615 GLU None                 A  
  621 HIS None                 A  
  623 SER None                 A  
  625 ASP None                 A  
  626 GLU None                 A  
  634 GLU None                 A  
  637 ASP None                 A  
  639 HIS None                 A  
  640 THR None                 A  
  641 GLU None                 A  
  642 THR None                 A  
  644 SER None                 A  
  652 GLU None                 A  
  655 ASP None                 A  
  663 LYS None                 A  
  664 THR None                 A  
  671 TYR None                 A  
  674 SER None                 A  
  676 HIS None                 A  
  679 SER None                 A  
  681 GLU None                 A  
  686 TYR None                 A  
  687 GLU None                 A  
  688 GLU None                 A  
  694 GLU None                 A  
  696 TYR None                 A  
  699 SER None                 A  
  702 LYS None                 A  
  708 GLU None                 A  
  709 LYS None                 A  
  710 THR None                 A  
  712 GLU None                 A  
  713 GLU None                 A  
  719 TYR None                 A  
  721 GLU None                 A  
  722 THR None                 A  
  729 TYR None                 A  
  732 ASP None                 A  
  734 GLU None                 A  
  738 LYS None                 A  
  739 SER None                 A  
  742 GLU None                 A  
  745 GLU None                 A  
  756 THR None                 A  
  759 ASP None                 A  
  762 LYS None                 A  
  767 LYS None                 A  
  773 GLU None                 A  
  774 GLU None                 A  
  784 HIS None                 A  
  785 ASP None                 A  
  786 GLU None                 A  
  790 GLU None                 A  
  793 LYS None                 A  
  794 GLU None                 A  
  797 GLU None                 A  
  804 LYS None                 A  
  805 GLU None                 A  
  808 GLU None                 A  
  811 TYR None                 A  
  818 GLU None                 A  
  820 GLU None                 A  
  825 GLU None                 A  
  826 ASP None                 A  
  829 SER None                 A  
  831 LYS None                 A  
  832 CTR None                 A  
  832 GLU None                 A  
